// Jest Snapshot v1, https://goo.gl/fbAQLP

exports[`App component should render app with error 1`] = `
<DocumentFragment>
  <div
    class="MuiBox-root MuiBox-root-1"
  >
    <div
      class="MuiBox-root MuiBox-root-2"
    >
      <header
        class="MuiPaper-root MuiAppBar-root MuiAppBar-positionFixed MuiAppBar-colorPrimary mui-fixed MuiPaper-elevation4"
      >
        <div
          class="MuiToolbar-root MuiToolbar-dense MuiToolbar-gutters"
        >
          <h6
            class="MuiTypography-root MuiTypography-h6 MuiTypography-colorInherit"
          >
            Book Store
          </h6>
        </div>
      </header>
    </div>
    <div
      class="MuiBox-root MuiBox-root-3"
    >
      <div
        class="MuiBox-root MuiBox-root-10 makeStyles-bookContainer-4"
      >
        <div
          class="MuiBox-root MuiBox-root-11 makeStyles-bookFilter-5"
        >
          <div
            class="MuiPaper-root makeStyles-bookFilterPapper-6 MuiPaper-elevation1 MuiPaper-rounded"
          >
            book filter
          </div>
        </div>
        <div
          class="MuiBox-root MuiBox-root-12 makeStyles-bookList-7"
        >
          <span
            class="MuiSkeleton-root MuiSkeleton-rect MuiSkeleton-pulse"
            data-testid="book-loader"
            style="width: 80%; height: 200px;"
          />
          <div
            class="MuiBox-root MuiBox-root-13 makeStyles-bookList-7"
          />
        </div>
      </div>
    </div>
  </div>
</DocumentFragment>
`;
